Server listening on port 3000
Client connected: QQYspAHdQBEUtXFHAAAB
Client disconnected: QQYspAHdQBEUtXFHAAAB
Server listening on port 3000
Server listening on port 3000
Client connected: QW0Kgh4SMsFEGNNEAAAB
Client disconnected: QW0Kgh4SMsFEGNNEAAAB
Client connected: VUjo8-SnTR3p4_IzAAAD
Client disconnected: VUjo8-SnTR3p4_IzAAAD
Client connected: xM3PltycHJ0pnvQqAAAF
Client disconnected: xM3PltycHJ0pnvQqAAAF
Client connected: q6pvbdAiWBkOQJk1AAAH
Client connected: vQ1tGmzb8Qr7K9nMAAAJ
Client connected: sbRvA3WA6o64wkHSAAAL
Client disconnected: sbRvA3WA6o64wkHSAAAL
Client connected: eaYHnbAUZBsLyplIAAAN
Client connected: E7rohRyUYAz5WkOjAAAP
Client disconnected: E7rohRyUYAz5WkOjAAAP
Client connected: ln821cW3otmDV3UgAAAR
Client disconnected: ln821cW3otmDV3UgAAAR
Client connected: Yv6xeKznvRwVnQFBAAAT
Client connected: EFxJzR8NCeTOQU3eAAAV
Client disconnected: EFxJzR8NCeTOQU3eAAAV
Client connected: eWolMk8AXnOOSBFhAAAX
Client disconnected: q6pvbdAiWBkOQJk1AAAH
Client disconnected: vQ1tGmzb8Qr7K9nMAAAJ
Client disconnected: eaYHnbAUZBsLyplIAAAN
Client disconnected: Yv6xeKznvRwVnQFBAAAT
